Info: Starting: Create simulation model
Info: qsys-generate D:\QUATUSLITE\AXI_DMA\AXI_DMA.qsys --simulation=VERILOG --allow-mixed-language-simulation --output-directory=D:\QUATUSLITE\AXI_DMA\AXI_DMA\simulation --family="MAX 10" --part=10M50DAF484C6GES
Progress: Loading AXI_DMA/AXI_DMA.qsys
Progress: Reading input file
Progress: Adding clk_0 [clock_source 18.1]
Progress: Parameterizing module clk_0
Progress: Adding mm_master_bfm_0 [altera_avalon_mm_master_bfm 18.1]
Progress: Parameterizing module mm_master_bfm_0
Progress: Adding msgdma_0 [altera_msgdma 18.1]
Progress: Parameterizing module msgdma_0
Progress: Adding onchip_memory2_0 [altera_avalon_onchip_memory2 18.1]
Progress: Parameterizing module onchip_memory2_0
Progress: Adding st_sink_bfm_0 [altera_avalon_st_sink_bfm 18.1]
Progress: Parameterizing module st_sink_bfm_0
Progress: Building connections
Progress: Parameterizing connections
Progress: Validating
Progress: Done reading input file
Info: AXI_DMA.st_sink_bfm_0: Use Packets set to zero - omitting sink_startofpacket, sink_endofpacket and sink_empty ports
Info: AXI_DMA.st_sink_bfm_0: Use Empty set to zero - omitting sink_empty port
Info: AXI_DMA.st_sink_bfm_0: Use Error set to zero - omitting sink_error port
Info: AXI_DMA.msgdma_0.st_source/st_sink_bfm_0.sink: Max channel is 0 for source and 1 for sink. Avalon-ST Adapter will be inserted..
Info: AXI_DMA.msgdma_0.st_source/st_sink_bfm_0.sink: The sink has a channel signal of 1 bits, but the source does not. Avalon-ST Adapter will be inserted.
Info: AXI_DMA: Generating AXI_DMA "AXI_DMA" for SIM_VERILOG
Info: avalon_st_adapter: Inserting channel_adapter: channel_adapter_0
Error: Couldn't write D:/QUATUSLITE/AXI_DMA/AXI_DMA/simulation/AXI_DMA.v
Error: Generation stopped, 7 or more modules remaining
Info: AXI_DMA: Done "AXI_DMA" with 8 modules, 1 files
Error: qsys-generate failed with exit code 1: 2 Errors, 0 Warnings
Info: Finished: Create simulation model
Info: Starting: Create Modelsim Project.
Info: sim-script-gen --spd=D:\QUATUSLITE\AXI_DMA\AXI_DMA\AXI_DMA.spd --output-directory=D:/QUATUSLITE/AXI_DMA/AXI_DMA/simulation/ --use-relative-paths=true
Info: Doing: ip-make-simscript --spd=D:\QUATUSLITE\AXI_DMA\AXI_DMA\AXI_DMA.spd --output-directory=D:/QUATUSLITE/AXI_DMA/AXI_DMA/simulation/ --use-relative-paths=true
Info: Generating the following file(s) for MODELSIM simulator in D:/QUATUSLITE/AXI_DMA/AXI_DMA/simulation/ directory:
Info: 	mentor/msim_setup.tcl
Info: Generating the following file(s) for VCS simulator in D:/QUATUSLITE/AXI_DMA/AXI_DMA/simulation/ directory:
Info: 	synopsys/vcs/vcs_setup.sh
Info: Generating the following file(s) for VCSMX simulator in D:/QUATUSLITE/AXI_DMA/AXI_DMA/simulation/ directory:
Info: 	synopsys/vcsmx/synopsys_sim.setup
Info: 	synopsys/vcsmx/vcsmx_setup.sh
Info: Generating the following file(s) for NCSIM simulator in D:/QUATUSLITE/AXI_DMA/AXI_DMA/simulation/ directory:
Info: 	cadence/cds.lib
Info: 	cadence/hdl.var
Info: 	cadence/ncsim_setup.sh
Info: Generating the following file(s) for RIVIERA simulator in D:/QUATUSLITE/AXI_DMA/AXI_DMA/simulation/ directory:
Info: 	aldec/rivierapro_setup.tcl
Info: For information on how to simulate your IP, see the explanatory comments in the simulator-specific subdirectories under D:/QUATUSLITE/AXI_DMA/AXI_DMA/simulation/.
Info: Regenerate these scripts whenever you make any change to any Quartus-generated IP in your project.
Info: Finished: Create Modelsim Project.
Info: Starting: Create block symbol file (.bsf)
Info: qsys-generate D:\QUATUSLITE\AXI_DMA\AXI_DMA.qsys --block-symbol-file --output-directory=D:\QUATUSLITE\AXI_DMA\AXI_DMA --family="MAX 10" --part=10M50DAF484C6GES
Progress: Loading AXI_DMA/AXI_DMA.qsys
Progress: Reading input file
Progress: Adding clk_0 [clock_source 18.1]
Progress: Parameterizing module clk_0
Progress: Adding mm_master_bfm_0 [altera_avalon_mm_master_bfm 18.1]
Progress: Parameterizing module mm_master_bfm_0
Progress: Adding msgdma_0 [altera_msgdma 18.1]
Progress: Parameterizing module msgdma_0
Progress: Adding onchip_memory2_0 [altera_avalon_onchip_memory2 18.1]
Progress: Parameterizing module onchip_memory2_0
Progress: Adding st_sink_bfm_0 [altera_avalon_st_sink_bfm 18.1]
Progress: Parameterizing module st_sink_bfm_0
Progress: Building connections
Progress: Parameterizing connections
Progress: Validating
Progress: Done reading input file
Info: AXI_DMA.st_sink_bfm_0: Use Packets set to zero - omitting sink_startofpacket, sink_endofpacket and sink_empty ports
Info: AXI_DMA.st_sink_bfm_0: Use Empty set to zero - omitting sink_empty port
Info: AXI_DMA.st_sink_bfm_0: Use Error set to zero - omitting sink_error port
Info: AXI_DMA.msgdma_0.st_source/st_sink_bfm_0.sink: Max channel is 0 for source and 1 for sink. Avalon-ST Adapter will be inserted..
Info: AXI_DMA.msgdma_0.st_source/st_sink_bfm_0.sink: The sink has a channel signal of 1 bits, but the source does not. Avalon-ST Adapter will be inserted.
Info: qsys-generate succeeded.
Info: Finished: Create block symbol file (.bsf)
